Archive member included to satisfy reference by file (symbol)

d:/program files/sw4stm32/plugins/fr.ac6.mcu.externaltools.arm-none.win32_1.17.0.201812190825/tools/compiler/bin/../lib/gcc/arm-none-eabi/7.3.1/../../../../arm-none-eabi/lib/thumb/v7-m\libc_nano.a(lib_a-errno.o)
                              Core/Src/syscalls.o (__errno)
d:/program files/sw4stm32/plugins/fr.ac6.mcu.externaltools.arm-none.win32_1.17.0.201812190825/tools/compiler/bin/../lib/gcc/arm-none-eabi/7.3.1/../../../../arm-none-eabi/lib/thumb/v7-m\libc_nano.a(lib_a-exit.o)
                              d:/program files/sw4stm32/plugins/fr.ac6.mcu.externaltools.arm-none.win32_1.17.0.201812190825/tools/compiler/bin/../lib/gcc/arm-none-eabi/7.3.1/../../../../arm-none-eabi/lib/thumb/v7-m/crt0.o (exit)
d:/program files/sw4stm32/plugins/fr.ac6.mcu.externaltools.arm-none.win32_1.17.0.201812190825/tools/compiler/bin/../lib/gcc/arm-none-eabi/7.3.1/../../../../arm-none-eabi/lib/thumb/v7-m\libc_nano.a(lib_a-impure.o)
                              d:/program files/sw4stm32/plugins/fr.ac6.mcu.externaltools.arm-none.win32_1.17.0.201812190825/tools/compiler/bin/../lib/gcc/arm-none-eabi/7.3.1/../../../../arm-none-eabi/lib/thumb/v7-m\libc_nano.a(lib_a-exit.o) (_global_impure_ptr)
d:/program files/sw4stm32/plugins/fr.ac6.mcu.externaltools.arm-none.win32_1.17.0.201812190825/tools/compiler/bin/../lib/gcc/arm-none-eabi/7.3.1/../../../../arm-none-eabi/lib/thumb/v7-m\libc_nano.a(lib_a-init.o)
                              d:/program files/sw4stm32/plugins/fr.ac6.mcu.externaltools.arm-none.win32_1.17.0.201812190825/tools/compiler/bin/../lib/gcc/arm-none-eabi/7.3.1/../../../../arm-none-eabi/lib/thumb/v7-m/crt0.o (__libc_init_array)
d:/program files/sw4stm32/plugins/fr.ac6.mcu.externaltools.arm-none.win32_1.17.0.201812190825/tools/compiler/bin/../lib/gcc/arm-none-eabi/7.3.1/../../../../arm-none-eabi/lib/thumb/v7-m\libc_nano.a(lib_a-itoa.o)
                              Core/Src/timer.o (itoa)
d:/program files/sw4stm32/plugins/fr.ac6.mcu.externaltools.arm-none.win32_1.17.0.201812190825/tools/compiler/bin/../lib/gcc/arm-none-eabi/7.3.1/../../../../arm-none-eabi/lib/thumb/v7-m\libc_nano.a(lib_a-memset.o)
                              d:/program files/sw4stm32/plugins/fr.ac6.mcu.externaltools.arm-none.win32_1.17.0.201812190825/tools/compiler/bin/../lib/gcc/arm-none-eabi/7.3.1/../../../../arm-none-eabi/lib/thumb/v7-m/crt0.o (memset)
d:/program files/sw4stm32/plugins/fr.ac6.mcu.externaltools.arm-none.win32_1.17.0.201812190825/tools/compiler/bin/../lib/gcc/arm-none-eabi/7.3.1/../../../../arm-none-eabi/lib/thumb/v7-m\libc_nano.a(lib_a-utoa.o)
                              d:/program files/sw4stm32/plugins/fr.ac6.mcu.externaltools.arm-none.win32_1.17.0.201812190825/tools/compiler/bin/../lib/gcc/arm-none-eabi/7.3.1/../../../../arm-none-eabi/lib/thumb/v7-m\libc_nano.a(lib_a-itoa.o) (__utoa)

Allocating common symbols
Common symbol       size              file

hi2c1               0x54              Core/Src/main.o
hi2c2               0x54              Core/Src/main.o
uwTick              0x4               Drivers/STM32F1xx_HAL_Driver/Src/stm32f1xx_hal.o
pFlash              0x20              Drivers/STM32F1xx_HAL_Driver/Src/stm32f1xx_hal_flash.o

Discarded input sections

 .text          0x00000000        0x0 d:/program files/sw4stm32/plugins/fr.ac6.mcu.externaltools.arm-none.win32_1.17.0.201812190825/tools/compiler/bin/../lib/gcc/arm-none-eabi/7.3.1/thumb/v7-m/crti.o
 .data          0x00000000        0x0 d:/program files/sw4stm32/plugins/fr.ac6.mcu.externaltools.arm-none.win32_1.17.0.201812190825/tools/compiler/bin/../lib/gcc/arm-none-eabi/7.3.1/thumb/v7-m/crti.o
 .bss           0x00000000        0x0 d:/program files/sw4stm32/plugins/fr.ac6.mcu.externaltools.arm-none.win32_1.17.0.201812190825/tools/compiler/bin/../lib/gcc/arm-none-eabi/7.3.1/thumb/v7-m/crti.o
 .data          0x00000000        0x4 d:/program files/sw4stm32/plugins/fr.ac6.mcu.externaltools.arm-none.win32_1.17.0.201812190825/tools/compiler/bin/../lib/gcc/arm-none-eabi/7.3.1/thumb/v7-m/crtbegin.o
 .text          0x00000000       0x74 d:/program files/sw4stm32/plugins/fr.ac6.mcu.externaltools.arm-none.win32_1.17.0.201812190825/tools/compiler/bin/../lib/gcc/arm-none-eabi/7.3.1/../../../../arm-none-eabi/lib/thumb/v7-m/crt0.o
 .data          0x00000000        0x0 d:/program files/sw4stm32/plugins/fr.ac6.mcu.externaltools.arm-none.win32_1.17.0.201812190825/tools/compiler/bin/../lib/gcc/arm-none-eabi/7.3.1/../../../../arm-none-eabi/lib/thumb/v7-m/crt0.o
 .bss           0x00000000        0x0 d:/program files/sw4stm32/plugins/fr.ac6.mcu.externaltools.arm-none.win32_1.17.0.201812190825/tools/compiler/bin/../lib/gcc/arm-none-eabi/7.3.1/../../../../arm-none-eabi/lib/thumb/v7-m/crt0.o
 .ARM.extab     0x00000000        0x0 d:/program files/sw4stm32/plugins/fr.ac6.mcu.externaltools.arm-none.win32_1.17.0.201812190825/tools/compiler/bin/../lib/gcc/arm-none-eabi/7.3.1/../../../../arm-none-eabi/lib/thumb/v7-m/crt0.o
[...]
Memory Configuration

Name             Origin             Length             Attributes
RAM              0x20000000         0x00005000         xrw
FLASH            0x08000000         0x00010000         xr
*default*        0x00000000         0xffffffff

Linker script and memory map

LOAD d:/program files/sw4stm32/plugins/fr.ac6.mcu.externaltools.arm-none.win32_1.17.0.201812190825/tools/compiler/bin/../lib/gcc/arm-none-eabi/7.3.1/thumb/v7-m/crti.o
LOAD d:/program files/sw4stm32/plugins/fr.ac6.mcu.externaltools.arm-none.win32_1.17.0.201812190825/tools/compiler/bin/../lib/gcc/arm-none-eabi/7.3.1/thumb/v7-m/crtbegin.o
LOAD d:/program files/sw4stm32/plugins/fr.ac6.mcu.externaltools.arm-none.win32_1.17.0.201812190825/tools/compiler/bin/../lib/gcc/arm-none-eabi/7.3.1/../../../../arm-none-eabi/lib/thumb/v7-m/crt0.o
LOAD Core/Src/i2c-lcd.o
LOAD Core/Src/main.o
LOAD Core/Src/stm32f1xx_hal_msp.o
LOAD Core/Src/stm32f1xx_it.o
LOAD Core/Src/syscalls.o
LOAD Core/Src/system_stm32f1xx.o
LOAD Core/Src/timer.o
LOAD Drivers/STM32F1xx_HAL_Driver/Src/stm32f1xx_hal.o
LOAD Drivers/STM32F1xx_HAL_Driver/Src/stm32f1xx_hal_cortex.o
LOAD Drivers/STM32F1xx_HAL_Driver/Src/stm32f1xx_hal_dma.o
LOAD Drivers/STM32F1xx_HAL_Driver/Src/stm32f1xx_hal_exti.o
LOAD Drivers/STM32F1xx_HAL_Driver/Src/stm32f1xx_hal_flash.o
LOAD Drivers/STM32F1xx_HAL_Driver/Src/stm32f1xx_hal_flash_ex.o
LOAD Drivers/STM32F1xx_HAL_Driver/Src/stm32f1xx_hal_gpio.o
LOAD Drivers/STM32F1xx_HAL_Driver/Src/stm32f1xx_hal_gpio_ex.o
LOAD Drivers/STM32F1xx_HAL_Driver/Src/stm32f1xx_hal_i2c.o
LOAD Drivers/STM32F1xx_HAL_Driver/Src/stm32f1xx_hal_pwr.o
LOAD Drivers/STM32F1xx_HAL_Driver/Src/stm32f1xx_hal_rcc.o
LOAD Drivers/STM32F1xx_HAL_Driver/Src/stm32f1xx_hal_rcc_ex.o
LOAD Drivers/STM32F1xx_HAL_Driver/Src/stm32f1xx_hal_tim.o
LOAD Drivers/STM32F1xx_HAL_Driver/Src/stm32f1xx_hal_tim_ex.o
LOAD startup/startup_stm32f103xb.o
LOAD d:/program files/sw4stm32/plugins/fr.ac6.mcu.externaltools.arm-none.win32_1.17.0.201812190825/tools/compiler/bin/../lib/gcc/arm-none-eabi/7.3.1/../../../../arm-none-eabi/lib/thumb/v7-m\libm.a
START GROUP
LOAD d:/program files/sw4stm32/plugins/fr.ac6.mcu.externaltools.arm-none.win32_1.17.0.201812190825/tools/compiler/bin/../lib/gcc/arm-none-eabi/7.3.1/thumb/v7-m\libgcc.a
LOAD d:/program files/sw4stm32/plugins/fr.ac6.mcu.externaltools.arm-none.win32_1.17.0.201812190825/tools/compiler/bin/../lib/gcc/arm-none-eabi/7.3.1/../../../../arm-none-eabi/lib/thumb/v7-m\libc_nano.a
END GROUP
START GROUP
LOAD d:/program files/sw4stm32/plugins/fr.ac6.mcu.externaltools.arm-none.win32_1.17.0.201812190825/tools/compiler/bin/../lib/gcc/arm-none-eabi/7.3.1/thumb/v7-m\libgcc.a
LOAD d:/program files/sw4stm32/plugins/fr.ac6.mcu.externaltools.arm-none.win32_1.17.0.201812190825/tools/compiler/bin/../lib/gcc/arm-none-eabi/7.3.1/../../../../arm-none-eabi/lib/thumb/v7-m\libc_nano.a
LOAD d:/program files/sw4stm32/plugins/fr.ac6.mcu.externaltools.arm-none.win32_1.17.0.201812190825/tools/compiler/bin/../lib/gcc/arm-none-eabi/7.3.1/../../../../arm-none-eabi/lib/thumb/v7-m\libnosys.a
END GROUP
START GROUP
LOAD d:/program files/sw4stm32/plugins/fr.ac6.mcu.externaltools.arm-none.win32_1.17.0.201812190825/tools/compiler/bin/../lib/gcc/arm-none-eabi/7.3.1/thumb/v7-m\libgcc.a
LOAD d:/program files/sw4stm32/plugins/fr.ac6.mcu.externaltools.arm-none.win32_1.17.0.201812190825/tools/compiler/bin/../lib/gcc/arm-none-eabi/7.3.1/../../../../arm-none-eabi/lib/thumb/v7-m\libc_nano.a
LOAD d:/program files/sw4stm32/plugins/fr.ac6.mcu.externaltools.arm-none.win32_1.17.0.201812190825/tools/compiler/bin/../lib/gcc/arm-none-eabi/7.3.1/../../../../arm-none-eabi/lib/thumb/v7-m\libnosys.a
END GROUP
LOAD d:/program files/sw4stm32/plugins/fr.ac6.mcu.externaltools.arm-none.win32_1.17.0.201812190825/tools/compiler/bin/../lib/gcc/arm-none-eabi/7.3.1/thumb/v7-m/crtend.o
LOAD d:/program files/sw4stm32/plugins/fr.ac6.mcu.externaltools.arm-none.win32_1.17.0.201812190825/tools/compiler/bin/../lib/gcc/arm-none-eabi/7.3.1/thumb/v7-m/crtn.o
                0x20005000                _estack = 0x20005000
                0x00000200                _Min_Heap_Size = 0x200
                0x00000400                _Min_Stack_Size = 0x400

.isr_vector     0x08000000      0x10c
                0x08000000                . = ALIGN (0x4)
 *(.isr_vector)
 .isr_vector    0x08000000      0x10c startup/startup_stm32f103xb.o
                0x08000000                g_pfnVectors
                0x0800010c                . = ALIGN (0x4)

.text           0x0800010c     0x1fbc
                0x0800010c                . = ALIGN (0x4)
 *(.text)
 .text          0x0800010c       0x40 d:/program files/sw4stm32/plugins/fr.ac6.mcu.externaltools.arm-none.win32_1.17.0.201812190825/tools/compiler/bin/../lib/gcc/arm-none-eabi/7.3.1/thumb/v7-m/crtbegin.o
 *(.text*)
 .text.lcd_send_cmd
                0x0800014c       0x48 Core/Src/i2c-lcd.o
                0x0800014c                lcd_send_cmd
 .text.lcd_send_data
                0x08000194       0x48 Core/Src/i2c-lcd.o
                0x08000194                lcd_send_data
 .text.lcd_clear
                0x080001dc       0x1a Core/Src/i2c-lcd.o
                0x080001dc                lcd_clear
 .text.lcd_put_cur
                0x080001f6       0x1c Core/Src/i2c-lcd.o
                0x080001f6                lcd_put_cur
 .text.lcd_init
                0x08000212       0x76 Core/Src/i2c-lcd.o
                0x08000212                lcd_init
 .text.lcd_send_string
                0x08000288       0x14 Core/Src/i2c-lcd.o
                0x08000288                lcd_send_string
 .text.lcd2_send_cmd
                0x0800029c       0x48 Core/Src/i2c-lcd.o
                0x0800029c                lcd2_send_cmd
 .text.lcd2_send_data
                0x080002e4       0x48 Core/Src/i2c-lcd.o
                0x080002e4                lcd2_send_data
 .text.lcd2_put_cur
                0x0800032c       0x1c Core/Src/i2c-lcd.o
                0x0800032c                lcd2_put_cur
 .text.lcd2_init
                0x08000348       0x76 Core/Src/i2c-lcd.o
                0x08000348                lcd2_init
 .text.lcd2_send_string
                0x080003be       0x14 Core/Src/i2c-lcd.o
                0x080003be                lcd2_send_string
 *fill*         0x080003d2        0x2 
 .text.MX_GPIO_Init
                0x080003d4       0xf0 Core/Src/main.o
 .text.Error_Handler
                0x080004c4        0x4 Core/Src/main.o
                0x080004c4                Error_Handler
 .text.MX_I2C1_Init
                0x080004c8       0x38 Core/Src/main.o
 .text.MX_I2C2_Init
                0x08000500       0x38 Core/Src/main.o
 .text.SystemClock_Config
                0x08000538       0x66 Core/Src/main.o
                0x08000538                SystemClock_Config
 .text.main     0x0800059e       0x3c Core/Src/main.o
                0x0800059e                main
 *fill*         0x080005da        0x2 
 .text.HAL_MspInit
                0x080005dc       0x44 Core/Src/stm32f1xx_hal_msp.o
                0x080005dc                HAL_MspInit
 .text.HAL_I2C_MspInit
                0x08000620       0xac Core/Src/stm32f1xx_hal_msp.o
                0x08000620                HAL_I2C_MspInit
 .text.NMI_Handler
                0x080006cc        0x2 Core/Src/stm32f1xx_it.o
                0x080006cc                NMI_Handler
 .text.HardFault_Handler
                0x080006ce        0x2 Core/Src/stm32f1xx_it.o
                0x080006ce                HardFault_Handler
 .text.MemManage_Handler
                0x080006d0        0x2 Core/Src/stm32f1xx_it.o
                0x080006d0                MemManage_Handler
 .text.BusFault_Handler
                0x080006d2        0x2 Core/Src/stm32f1xx_it.o
                0x080006d2                BusFault_Handler
 .text.UsageFault_Handler
                0x080006d4        0x2 Core/Src/stm32f1xx_it.o
                0x080006d4                UsageFault_Handler
 .text.SVC_Handler
                0x080006d6        0x2 Core/Src/stm32f1xx_it.o
                0x080006d6                SVC_Handler
 .text.DebugMon_Handler
                0x080006d8        0x2 Core/Src/stm32f1xx_it.o
                0x080006d8                DebugMon_Handler
 .text.PendSV_Handler
                0x080006da        0x2 Core/Src/stm32f1xx_it.o
                0x080006da                PendSV_Handler
 .text.SysTick_Handler
                0x080006dc        0x8 Core/Src/stm32f1xx_it.o
                0x080006dc                SysTick_Handler
 .text.SystemInit
                0x080006e4        0x2 Core/Src/system_stm32f1xx.o
                0x080006e4                SystemInit
 *fill*         0x080006e6        0x2 
 .text.timer_ini
                0x080006e8      0x108 Core/Src/timer.o
                0x080006e8                timer_ini
 .text.rst_red  0x080007f0       0x4c Core/Src/timer.o
                0x080007f0                rst_red
 .text.rst_green
                0x0800083c       0x4c Core/Src/timer.o
                0x0800083c                rst_green
 .text.rst_blue
                0x08000888       0x4c Core/Src/timer.o
                0x08000888                rst_blue
 .text.rst_white
                0x080008d4       0x4c Core/Src/timer.o
                0x080008d4                rst_white
 .text.timer_rst
                0x08000920       0x14 Core/Src/timer.o
                0x08000920                timer_rst
 .text.red_team
                0x08000934      0x1a4 Core/Src/timer.o
                0x08000934                red_team
 .text.green_team
                0x08000ad8      0x1a4 Core/Src/timer.o
                0x08000ad8                green_team
 .text.blue_team
                0x08000c7c      0x1a0 Core/Src/timer.o
                0x08000c7c                blue_team
 .text.white_team
                0x08000e1c      0x1c8 Core/Src/timer.o
                0x08000e1c                white_team
 .text.HAL_InitTick
                0x08000fe4       0x48 Drivers/STM32F1xx_HAL_Driver/Src/stm32f1xx_hal.o
                0x08000fe4                HAL_InitTick
 .text.HAL_Init
                0x0800102c       0x24 Drivers/STM32F1xx_HAL_Driver/Src/stm32f1xx_hal.o
                0x0800102c                HAL_Init
 .text.HAL_IncTick
                0x08001050       0x18 Drivers/STM32F1xx_HAL_Driver/Src/stm32f1xx_hal.o
                0x08001050                HAL_IncTick
 .text.HAL_GetTick
                0x08001068        0xc Drivers/STM32F1xx_HAL_Driver/Src/stm32f1xx_hal.o
                0x08001068                HAL_GetTick
 .text.HAL_Delay
                0x08001074       0x28 Drivers/STM32F1xx_HAL_Driver/Src/stm32f1xx_hal.o
                0x08001074                HAL_Delay
 .text.HAL_NVIC_SetPriorityGrouping
                0x0800109c       0x24 Drivers/STM32F1xx_HAL_Driver/Src/stm32f1xx_hal_cortex.o
                0x0800109c                HAL_NVIC_SetPriorityGrouping
 .text.HAL_NVIC_SetPriority
                0x080010c0       0x68 Drivers/STM32F1xx_HAL_Driver/Src/stm32f1xx_hal_cortex.o
                0x080010c0                HAL_NVIC_SetPriority
 .text.HAL_SYSTICK_Config
                0x08001128       0x2c Drivers/STM32F1xx_HAL_Driver/Src/stm32f1xx_hal_cortex.o
                0x08001128                HAL_SYSTICK_Config
 .text.HAL_GPIO_Init
                0x08001154      0x1d8 Drivers/STM32F1xx_HAL_Driver/Src/stm32f1xx_hal_gpio.o
                0x08001154                HAL_GPIO_Init
 .text.HAL_GPIO_ReadPin
                0x0800132c        0xe Drivers/STM32F1xx_HAL_Driver/Src/stm32f1xx_hal_gpio.o
                0x0800132c                HAL_GPIO_ReadPin
 .text.HAL_GPIO_WritePin
                0x0800133a        0xc Drivers/STM32F1xx_HAL_Driver/Src/stm32f1xx_hal_gpio.o
                0x0800133a                HAL_GPIO_WritePin
 .text.HAL_GPIO_TogglePin
                0x08001346       0x12 Drivers/STM32F1xx_HAL_Driver/Src/stm32f1xx_hal_gpio.o
                0x08001346                HAL_GPIO_TogglePin
 .text.I2C_IsAcknowledgeFailed
                0x08001358       0x32 Drivers/STM32F1xx_HAL_Driver/Src/stm32f1xx_hal_i2c.o
 .text.I2C_WaitOnFlagUntilTimeout
                0x0800138a       0x70 Drivers/STM32F1xx_HAL_Driver/Src/stm32f1xx_hal_i2c.o
 .text.I2C_WaitOnMasterAddressFlagUntilTimeout
                0x080013fa       0xa4 Drivers/STM32F1xx_HAL_Driver/Src/stm32f1xx_hal_i2c.o
 *fill*         0x0800149e        0x2 
 .text.I2C_MasterRequestWrite
                0x080014a0       0xbc Drivers/STM32F1xx_HAL_Driver/Src/stm32f1xx_hal_i2c.o
 .text.I2C_WaitOnTXEFlagUntilTimeout
                0x0800155c       0x54 Drivers/STM32F1xx_HAL_Driver/Src/stm32f1xx_hal_i2c.o
 .text.I2C_WaitOnBTFFlagUntilTimeout
                0x080015b0       0x54 Drivers/STM32F1xx_HAL_Driver/Src/stm32f1xx_hal_i2c.o
 .text.HAL_I2C_Init
                0x08001604      0x1b4 Drivers/STM32F1xx_HAL_Driver/Src/stm32f1xx_hal_i2c.o
                0x08001604                HAL_I2C_Init
 .text.HAL_I2C_Master_Transmit
                0x080017b8      0x174 Drivers/STM32F1xx_HAL_Driver/Src/stm32f1xx_hal_i2c.o
                0x080017b8                HAL_I2C_Master_Transmit
 .text.RCC_Delay
                0x0800192c       0x2c Drivers/STM32F1xx_HAL_Driver/Src/stm32f1xx_hal_rcc.o
 .text.HAL_RCC_OscConfig
                0x08001958      0x410 Drivers/STM32F1xx_HAL_Driver/Src/stm32f1xx_hal_rcc.o
                0x08001958                HAL_RCC_OscConfig
 .text.HAL_RCC_GetSysClockFreq
                0x08001d68       0x70 Drivers/STM32F1xx_HAL_Driver/Src/stm32f1xx_hal_rcc.o
                0x08001d68                HAL_RCC_GetSysClockFreq
 .text.HAL_RCC_ClockConfig
                0x08001dd8      0x168 Drivers/STM32F1xx_HAL_Driver/Src/stm32f1xx_hal_rcc.o
                0x08001dd8                HAL_RCC_ClockConfig
 .text.HAL_RCC_GetHCLKFreq
                0x08001f40        0xc Drivers/STM32F1xx_HAL_Driver/Src/stm32f1xx_hal_rcc.o
                0x08001f40                HAL_RCC_GetHCLKFreq
 .text.HAL_RCC_GetPCLK1Freq
                0x08001f4c       0x20 Drivers/STM32F1xx_HAL_Driver/Src/stm32f1xx_hal_rcc.o
                0x08001f4c                HAL_RCC_GetPCLK1Freq
 .text.Reset_Handler
                0x08001f6c       0x48 startup/startup_stm32f103xb.o
                0x08001f6c                Reset_Handler
 .text.Default_Handler
                0x08001fb4        0x2 startup/startup_stm32f103xb.o
                0x08001fb4                RTC_Alarm_IRQHandler
                0x08001fb4                EXTI2_IRQHandler
                0x08001fb4                TIM1_CC_IRQHandler
                0x08001fb4                PVD_IRQHandler
                0x08001fb4                EXTI3_IRQHandler
                0x08001fb4                EXTI0_IRQHandler
                0x08001fb4                I2C2_EV_IRQHandler
                0x08001fb4                ADC1_2_IRQHandler
                0x08001fb4                SPI1_IRQHandler
                0x08001fb4                TAMPER_IRQHandler
                0x08001fb4                DMA1_Channel4_IRQHandler
                0x08001fb4                USART3_IRQHandler
                0x08001fb4                RTC_IRQHandler
                0x08001fb4                DMA1_Channel7_IRQHandler
                0x08001fb4                CAN1_RX1_IRQHandler
                0x08001fb4                TIM4_IRQHandler
                0x08001fb4                I2C1_EV_IRQHandler
                0x08001fb4                DMA1_Channel6_IRQHandler
                0x08001fb4                TIM3_IRQHandler
                0x08001fb4                RCC_IRQHandler
                0x08001fb4                TIM1_TRG_COM_IRQHandler
                0x08001fb4                DMA1_Channel1_IRQHandler
                0x08001fb4                Default_Handler
                0x08001fb4                EXTI15_10_IRQHandler
                0x08001fb4                EXTI9_5_IRQHandler
                0x08001fb4                SPI2_IRQHandler
                0x08001fb4                DMA1_Channel5_IRQHandler
                0x08001fb4                EXTI4_IRQHandler
                0x08001fb4                USB_LP_CAN1_RX0_IRQHandler
                0x08001fb4                USB_HP_CAN1_TX_IRQHandler
                0x08001fb4                DMA1_Channel3_IRQHandler
                0x08001fb4                TIM1_UP_IRQHandler
                0x08001fb4                WWDG_IRQHandler
                0x08001fb4                TIM2_IRQHandler
                0x08001fb4                TIM1_BRK_IRQHandler
                0x08001fb4                EXTI1_IRQHandler
                0x08001fb4                USART2_IRQHandler
                0x08001fb4                I2C2_ER_IRQHandler
                0x08001fb4                DMA1_Channel2_IRQHandler
                0x08001fb4                CAN1_SCE_IRQHandler
                0x08001fb4                FLASH_IRQHandler
                0x08001fb4                USART1_IRQHandler
                0x08001fb4                I2C1_ER_IRQHandler
                0x08001fb4                USBWakeUp_IRQHandler
 *fill*         0x08001fb6        0x2 
 .text.__libc_init_array
                0x08001fb8       0x48 d:/program files/sw4stm32/plugins/fr.ac6.mcu.externaltools.arm-none.win32_1.17.0.201812190825/tools/compiler/bin/../lib/gcc/arm-none-eabi/7.3.1/../../../../arm-none-eabi/lib/thumb/v7-m\libc_nano.a(lib_a-init.o)
                0x08001fb8                __libc_init_array
 .text.__itoa   0x08002000       0x30 d:/program files/sw4stm32/plugins/fr.ac6.mcu.externaltools.arm-none.win32_1.17.0.201812190825/tools/compiler/bin/../lib/gcc/arm-none-eabi/7.3.1/../../../../arm-none-eabi/lib/thumb/v7-m\libc_nano.a(lib_a-itoa.o)
                0x08002000                __itoa
 .text.itoa     0x08002030        0x4 d:/program files/sw4stm32/plugins/fr.ac6.mcu.externaltools.arm-none.win32_1.17.0.201812190825/tools/compiler/bin/../lib/gcc/arm-none-eabi/7.3.1/../../../../arm-none-eabi/lib/thumb/v7-m\libc_nano.a(lib_a-itoa.o)
                0x08002030                itoa
 .text.__utoa   0x08002034       0x7c d:/program files/sw4stm32/plugins/fr.ac6.mcu.externaltools.arm-none.win32_1.17.0.201812190825/tools/compiler/bin/../lib/gcc/arm-none-eabi/7.3.1/../../../../arm-none-eabi/lib/thumb/v7-m\libc_nano.a(lib_a-utoa.o)
                0x08002034                __utoa
 *(.glue_7)
 .glue_7        0x080020b0        0x0 linker stubs
 *(.glue_7t)
 .glue_7t       0x080020b0        0x0 linker stubs
 *(.eh_frame)
 .eh_frame      0x080020b0        0x0 d:/program files/sw4stm32/plugins/fr.ac6.mcu.externaltools.arm-none.win32_1.17.0.201812190825/tools/compiler/bin/../lib/gcc/arm-none-eabi/7.3.1/thumb/v7-m/crtbegin.o
 *(.init)
 .init          0x080020b0        0x4 d:/program files/sw4stm32/plugins/fr.ac6.mcu.externaltools.arm-none.win32_1.17.0.201812190825/tools/compiler/bin/../lib/gcc/arm-none-eabi/7.3.1/thumb/v7-m/crti.o
                0x080020b0                _init
 .init          0x080020b4        0x8 d:/program files/sw4stm32/plugins/fr.ac6.mcu.externaltools.arm-none.win32_1.17.0.201812190825/tools/compiler/bin/../lib/gcc/arm-none-eabi/7.3.1/thumb/v7-m/crtn.o
 *(.fini)
 .fini          0x080020bc        0x4 d:/program files/sw4stm32/plugins/fr.ac6.mcu.externaltools.arm-none.win32_1.17.0.201812190825/tools/compiler/bin/../lib/gcc/arm-none-eabi/7.3.1/thumb/v7-m/crti.o
                0x080020bc                _fini
 .fini          0x080020c0        0x8 d:/program files/sw4stm32/plugins/fr.ac6.mcu.externaltools.arm-none.win32_1.17.0.201812190825/tools/compiler/bin/../lib/gcc/arm-none-eabi/7.3.1/thumb/v7-m/crtn.o
                0x080020c8                . = ALIGN (0x4)
                0x080020c8                _etext = .

.vfp11_veneer   0x080020c8        0x0
 .vfp11_veneer  0x080020c8        0x0 linker stubs

.v4_bx          0x080020c8        0x0
 .v4_bx         0x080020c8        0x0 linker stubs

.iplt           0x080020c8        0x0
 .iplt          0x080020c8        0x0 d:/program files/sw4stm32/plugins/fr.ac6.mcu.externaltools.arm-none.win32_1.17.0.201812190825/tools/compiler/bin/../lib/gcc/arm-none-eabi/7.3.1/thumb/v7-m/crtbegin.o

.rodata         0x080020c8       0x90
                0x080020c8                . = ALIGN (0x4)
 *(.rodata)
 .rodata        0x080020c8       0x18 Core/Src/system_stm32f1xx.o
                0x080020c8                AHBPrescTable
                0x080020d8                APBPrescTable
 .rodata        0x080020e0       0x12 Drivers/STM32F1xx_HAL_Driver/Src/stm32f1xx_hal_rcc.o
 *(.rodata*)
 *fill*         0x080020f2        0x2 
 .rodata.str1.4
                0x080020f4       0x3c Core/Src/timer.o
                                 0x39 (size before relaxing)
 .rodata.__utoa.str1.1
                0x08002130       0x25 d:/program files/sw4stm32/plugins/fr.ac6.mcu.externaltools.arm-none.win32_1.17.0.201812190825/tools/compiler/bin/../lib/gcc/arm-none-eabi/7.3.1/../../../../arm-none-eabi/lib/thumb/v7-m\libc_nano.a(lib_a-utoa.o)
                0x08002158                . = ALIGN (0x4)
 *fill*         0x08002155        0x3 

.rel.dyn        0x08002158        0x0
 .rel.iplt      0x08002158        0x0 d:/program files/sw4stm32/plugins/fr.ac6.mcu.externaltools.arm-none.win32_1.17.0.201812190825/tools/compiler/bin/../lib/gcc/arm-none-eabi/7.3.1/thumb/v7-m/crtbegin.o

.ARM.extab
 *(.ARM.extab* .gnu.linkonce.armextab.*)

.ARM            0x08002158        0x0
                0x08002158                __exidx_start = .
 *(.ARM.exidx*)
                0x08002158                __exidx_end = .

.preinit_array  0x08002158        0x0
                0x08002158                PROVIDE (__preinit_array_start = .)
 *(.preinit_array*)
                0x08002158                PROVIDE (__preinit_array_end = .)

.init_array     0x08002158        0x4
                0x08002158                PROVIDE (__init_array_start = .)
 *(SORT_BY_NAME(.init_array.*))
 *(.init_array*)
 .init_array    0x08002158        0x4 d:/program files/sw4stm32/plugins/fr.ac6.mcu.externaltools.arm-none.win32_1.17.0.201812190825/tools/compiler/bin/../lib/gcc/arm-none-eabi/7.3.1/thumb/v7-m/crtbegin.o
                0x0800215c                PROVIDE (__init_array_end = .)

.fini_array     0x0800215c        0x4
                [!provide]                PROVIDE (__fini_array_start = .)
 *(SORT_BY_NAME(.fini_array.*))
 *(.fini_array*)
 .fini_array    0x0800215c        0x4 d:/program files/sw4stm32/plugins/fr.ac6.mcu.externaltools.arm-none.win32_1.17.0.201812190825/tools/compiler/bin/../lib/gcc/arm-none-eabi/7.3.1/thumb/v7-m/crtbegin.o
                [!provide]                PROVIDE (__fini_array_end = .)
                0x08002160                _sidata = LOADADDR (.data)

.data           0x20000000       0x1c load address 0x08002160
                0x20000000                . = ALIGN (0x4)
                0x20000000                _sdata = .
 *(.data)
 .data          0x20000000        0x4 Core/Src/system_stm32f1xx.o
                0x20000000                SystemCoreClock
 .data          0x20000004       0x10 Core/Src/timer.o
                0x20000004                scoreR
                0x20000008                scoreG
                0x2000000c                scoreB
                0x20000010                scoreW
 .data          0x20000014        0x8 Drivers/STM32F1xx_HAL_Driver/Src/stm32f1xx_hal.o
                0x20000014                uwTickFreq
                0x20000018                uwTickPrio
 *(.data*)
                0x2000001c                . = ALIGN (0x4)
                0x2000001c                _edata = .

.igot.plt       0x2000001c        0x0 load address 0x0800217c
 .igot.plt      0x2000001c        0x0 d:/program files/sw4stm32/plugins/fr.ac6.mcu.externaltools.arm-none.win32_1.17.0.201812190825/tools/compiler/bin/../lib/gcc/arm-none-eabi/7.3.1/thumb/v7-m/crtbegin.o
                0x2000001c                . = ALIGN (0x4)

.bss            0x2000001c       0xe8 load address 0x0800217c
                0x2000001c                _sbss = .
                0x2000001c                __bss_start__ = _sbss
 *(.bss)
 .bss           0x2000001c       0x1c d:/program files/sw4stm32/plugins/fr.ac6.mcu.externaltools.arm-none.win32_1.17.0.201812190825/tools/compiler/bin/../lib/gcc/arm-none-eabi/7.3.1/thumb/v7-m/crtbegin.o
 .bss           0x20000038       0x20 Core/Src/timer.o
                0x20000038                runR
                0x2000003c                runG
                0x20000040                runB
                0x20000044                runW
                0x20000048                ButtonStateR
                0x2000004c                ButtonStateG
                0x20000050                ButtonStateB
                0x20000054                ButtonStateW
 *(.bss*)
 *(COMMON)
 COMMON         0x20000058       0xa8 Core/Src/main.o
                0x20000058                hi2c1
                0x200000ac                hi2c2
 COMMON         0x20000100        0x4 Drivers/STM32F1xx_HAL_Driver/Src/stm32f1xx_hal.o
                0x20000100                uwTick
                0x20000104                . = ALIGN (0x4)
                0x20000104                _ebss = .
                0x20000104                __bss_end__ = _ebss

._user_heap_stack
                0x20000104      0x604 load address 0x0800217c
                0x20000108                . = ALIGN (0x8)
 *fill*         0x20000104        0x4 
                0x20000108                PROVIDE (end = .)
                [!provide]                PROVIDE (_end = .)
                0x20000308                . = (. + _Min_Heap_Size)
 *fill*         0x20000108      0x200 
                0x20000708                . = (. + _Min_Stack_Size)
 *fill*         0x20000308      0x400 
                0x20000708                . = ALIGN (0x8)

/DISCARD/
 libc.a(*)
 libm.a(*)
 libgcc.a(*)

.ARM.attributes
                0x00000000       0x29
 *(.ARM.attributes)
 .ARM.attributes
                0x00000000       0x1d d:/program files/sw4stm32/plugins/fr.ac6.mcu.externaltools.arm-none.win32_1.17.0.201812190825/tools/compiler/bin/../lib/gcc/arm-none-eabi/7.3.1/thumb/v7-m/crti.o
 .ARM.attributes
                0x0000001d       0x2d d:/program files/sw4stm32/plugins/fr.ac6.mcu.externaltools.arm-none.win32_1.17.0.201812190825/tools/compiler/bin/../lib/gcc/arm-none-eabi/7.3.1/thumb/v7-m/crtbegin.o
 .ARM.attributes
                0x0000004a       0x33 Core/Src/i2c-lcd.o
 .ARM.attributes
                0x0000007d       0x33 Core/Src/main.o
 .ARM.attributes
                0x000000b0       0x33 Core/Src/stm32f1xx_hal_msp.o
 .ARM.attributes
                0x000000e3       0x33 Core/Src/stm32f1xx_it.o
 .ARM.attributes
                0x00000116       0x33 Core/Src/system_stm32f1xx.o
 .ARM.attributes
                0x00000149       0x33 Core/Src/timer.o
 .ARM.attributes
                0x0000017c       0x33 Drivers/STM32F1xx_HAL_Driver/Src/stm32f1xx_hal.o
 .ARM.attributes
                0x000001af       0x33 Drivers/STM32F1xx_HAL_Driver/Src/stm32f1xx_hal_cortex.o
 .ARM.attributes
                0x000001e2       0x33 Drivers/STM32F1xx_HAL_Driver/Src/stm32f1xx_hal_gpio.o
 .ARM.attributes
                0x00000215       0x33 Drivers/STM32F1xx_HAL_Driver/Src/stm32f1xx_hal_i2c.o
 .ARM.attributes
                0x00000248       0x33 Drivers/STM32F1xx_HAL_Driver/Src/stm32f1xx_hal_rcc.o
 .ARM.attributes
                0x0000027b       0x21 startup/startup_stm32f103xb.o
 .ARM.attributes
                0x0000029c       0x2d d:/program files/sw4stm32/plugins/fr.ac6.mcu.externaltools.arm-none.win32_1.17.0.201812190825/tools/compiler/bin/../lib/gcc/arm-none-eabi/7.3.1/../../../../arm-none-eabi/lib/thumb/v7-m\libc_nano.a(lib_a-init.o)
 .ARM.attributes
                0x000002c9       0x2d d:/program files/sw4stm32/plugins/fr.ac6.mcu.externaltools.arm-none.win32_1.17.0.201812190825/tools/compiler/bin/../lib/gcc/arm-none-eabi/7.3.1/../../../../arm-none-eabi/lib/thumb/v7-m\libc_nano.a(lib_a-itoa.o)
 .ARM.attributes
                0x000002f6       0x2d d:/program files/sw4stm32/plugins/fr.ac6.mcu.externaltools.arm-none.win32_1.17.0.201812190825/tools/compiler/bin/../lib/gcc/arm-none-eabi/7.3.1/../../../../arm-none-eabi/lib/thumb/v7-m\libc_nano.a(lib_a-utoa.o)
 .ARM.attributes
                0x00000323       0x1d d:/program files/sw4stm32/plugins/fr.ac6.mcu.externaltools.arm-none.win32_1.17.0.201812190825/tools/compiler/bin/../lib/gcc/arm-none-eabi/7.3.1/thumb/v7-m/crtn.o
OUTPUT(Veliavu_taimeris_v2.0.elf elf32-littlearm)

.debug_info     0x00000000     0xaaa8
 .debug_info    0x00000000      0xca8 Core/Src/i2c-lcd.o
 .debug_info    0x00000ca8     0x1472 Core/Src/main.o
 .debug_info    0x0000211a      0x9b4 Core/Src/stm32f1xx_hal_msp.o
 .debug_info    0x00002ace      0x224 Core/Src/stm32f1xx_it.o
 .debug_info    0x00002cf2      0x29d Core/Src/system_stm32f1xx.o
 .debug_info    0x00002f8f     0x2164 Core/Src/timer.o
 .debug_info    0x000050f3      0x7c0 Drivers/STM32F1xx_HAL_Driver/Src/stm32f1xx_hal.o
 .debug_info    0x000058b3      0xcb5 Drivers/STM32F1xx_HAL_Driver/Src/stm32f1xx_hal_cortex.o
 .debug_info    0x00006568      0x6ab Drivers/STM32F1xx_HAL_Driver/Src/stm32f1xx_hal_gpio.o
 .debug_info    0x00006c13     0x3484 Drivers/STM32F1xx_HAL_Driver/Src/stm32f1xx_hal_i2c.o
 .debug_info    0x0000a097      0x9ef Drivers/STM32F1xx_HAL_Driver/Src/stm32f1xx_hal_rcc.o
 .debug_info    0x0000aa86       0x22 startup/startup_stm32f103xb.o

.debug_abbrev   0x00000000     0x16ab
 .debug_abbrev  0x00000000      0x1c9 Core/Src/i2c-lcd.o
 .debug_abbrev  0x000001c9      0x2c4 Core/Src/main.o
 .debug_abbrev  0x0000048d      0x1a9 Core/Src/stm32f1xx_hal_msp.o
 .debug_abbrev  0x00000636       0xe4 Core/Src/stm32f1xx_it.o
 .debug_abbrev  0x0000071a      0x134 Core/Src/system_stm32f1xx.o
 .debug_abbrev  0x0000084e      0x2a4 Core/Src/timer.o
 .debug_abbrev  0x00000af2      0x1ed Drivers/STM32F1xx_HAL_Driver/Src/stm32f1xx_hal.o
 .debug_abbrev  0x00000cdf      0x303 Drivers/STM32F1xx_HAL_Driver/Src/stm32f1xx_hal_cortex.o
 .debug_abbrev  0x00000fe2      0x1de Drivers/STM32F1xx_HAL_Driver/Src/stm32f1xx_hal_gpio.o
 .debug_abbrev  0x000011c0      0x282 Drivers/STM32F1xx_HAL_Driver/Src/stm32f1xx_hal_i2c.o
 .debug_abbrev  0x00001442      0x257 Drivers/STM32F1xx_HAL_Driver/Src/stm32f1xx_hal_rcc.o
 .debug_abbrev  0x00001699       0x12 startup/startup_stm32f103xb.o

.debug_loc      0x00000000     0x4acb
 .debug_loc     0x00000000      0x22a Core/Src/i2c-lcd.o
 .debug_loc     0x0000022a       0xa6 Core/Src/stm32f1xx_hal_msp.o
 .debug_loc     0x000002d0       0xdf Core/Src/system_stm32f1xx.o
 .debug_loc     0x000003af      0x11b Drivers/STM32F1xx_HAL_Driver/Src/stm32f1xx_hal.o
 .debug_loc     0x000004ca      0x5ad Drivers/STM32F1xx_HAL_Driver/Src/stm32f1xx_hal_cortex.o
 .debug_loc     0x00000a77      0x3d8 Drivers/STM32F1xx_HAL_Driver/Src/stm32f1xx_hal_gpio.o
 .debug_loc     0x00000e4f     0x37c1 Drivers/STM32F1xx_HAL_Driver/Src/stm32f1xx_hal_i2c.o
 .debug_loc     0x00004610      0x4bb Drivers/STM32F1xx_HAL_Driver/Src/stm32f1xx_hal_rcc.o

.debug_aranges  0x00000000      0x700
 .debug_aranges
                0x00000000       0x78 Core/Src/i2c-lcd.o
 .debug_aranges
                0x00000078       0x48 Core/Src/main.o
 .debug_aranges
                0x000000c0       0x30 Core/Src/stm32f1xx_hal_msp.o
 .debug_aranges
                0x000000f0       0x60 Core/Src/stm32f1xx_it.o
 .debug_aranges
                0x00000150       0x28 Core/Src/system_stm32f1xx.o
 .debug_aranges
                0x00000178       0x68 Core/Src/timer.o
 .debug_aranges
                0x000001e0       0xe0 Drivers/STM32F1xx_HAL_Driver/Src/stm32f1xx_hal.o
 .debug_aranges
                0x000002c0       0x90 Drivers/STM32F1xx_HAL_Driver/Src/stm32f1xx_hal_cortex.o
 .debug_aranges
                0x00000350       0x58 Drivers/STM32F1xx_HAL_Driver/Src/stm32f1xx_hal_gpio.o
 .debug_aranges
                0x000003a8      0x2a0 Drivers/STM32F1xx_HAL_Driver/Src/stm32f1xx_hal_i2c.o
 .debug_aranges
                0x00000648       0x90 Drivers/STM32F1xx_HAL_Driver/Src/stm32f1xx_hal_rcc.o
 .debug_aranges
                0x000006d8       0x28 startup/startup_stm32f103xb.o

.debug_ranges   0x00000000      0x748
 .debug_ranges  0x00000000       0x68 Core/Src/i2c-lcd.o
 .debug_ranges  0x00000068       0x38 Core/Src/main.o
 .debug_ranges  0x000000a0       0x20 Core/Src/stm32f1xx_hal_msp.o
 .debug_ranges  0x000000c0       0x50 Core/Src/stm32f1xx_it.o
 .debug_ranges  0x00000110       0x18 Core/Src/system_stm32f1xx.o
 .debug_ranges  0x00000128       0xb8 Core/Src/timer.o
 .debug_ranges  0x000001e0       0xd0 Drivers/STM32F1xx_HAL_Driver/Src/stm32f1xx_hal.o
 .debug_ranges  0x000002b0       0xe0 Drivers/STM32F1xx_HAL_Driver/Src/stm32f1xx_hal_cortex.o
 .debug_ranges  0x00000390       0x48 Drivers/STM32F1xx_HAL_Driver/Src/stm32f1xx_hal_gpio.o
 .debug_ranges  0x000003d8      0x2b0 Drivers/STM32F1xx_HAL_Driver/Src/stm32f1xx_hal_i2c.o
 .debug_ranges  0x00000688       0xa0 Drivers/STM32F1xx_HAL_Driver/Src/stm32f1xx_hal_rcc.o
 .debug_ranges  0x00000728       0x20 startup/startup_stm32f103xb.o

.debug_macro    0x00000000    0x16ab2
 .debug_macro   0x00000000      0x198 Core/Src/i2c-lcd.o
 .debug_macro   0x00000198      0xa54 Core/Src/i2c-lcd.o
 .debug_macro   0x00000bec      0x215 Core/Src/i2c-lcd.o
 .debug_macro   0x00000e01       0x2e Core/Src/i2c-lcd.o
 .debug_macro   0x00000e2f       0x22 Core/Src/i2c-lcd.o
 .debug_macro   0x00000e51       0x22 Core/Src/i2c-lcd.o
 .debug_macro   0x00000e73       0x8e Core/Src/i2c-lcd.o
 .debug_macro   0x00000f01       0x51 Core/Src/i2c-lcd.o
 .debug_macro   0x00000f52       0xef Core/Src/i2c-lcd.o
 .debug_macro   0x00001041       0x6a Core/Src/i2c-lcd.o
 .debug_macro   0x000010ab      0x1df Core/Src/i2c-lcd.o
 .debug_macro   0x0000128a       0x1c Core/Src/i2c-lcd.o
 .debug_macro   0x000012a6       0x22 Core/Src/i2c-lcd.o
 .debug_macro   0x000012c8       0xc3 Core/Src/i2c-lcd.o
 .debug_macro   0x0000138b      0xd23 Core/Src/i2c-lcd.o
 .debug_macro   0x000020ae     0xe097 Core/Src/i2c-lcd.o
 .debug_macro   0x00010145       0x43 Core/Src/i2c-lcd.o
 .debug_macro   0x00010188     0x3468 Core/Src/i2c-lcd.o
 .debug_macro   0x000135f0      0x174 Core/Src/i2c-lcd.o
 .debug_macro   0x00013764       0x5c Core/Src/i2c-lcd.o
 .debug_macro   0x000137c0      0x5be Core/Src/i2c-lcd.o
 .debug_macro   0x00013d7e      0x289 Core/Src/i2c-lcd.o
 .debug_macro   0x00014007      0x1cb Core/Src/i2c-lcd.o
 .debug_macro   0x000141d2      0x114 Core/Src/i2c-lcd.o
 .debug_macro   0x000142e6      0x1b2 Core/Src/i2c-lcd.o
 .debug_macro   0x00014498       0x27 Core/Src/i2c-lcd.o
 .debug_macro   0x000144bf      0x136 Core/Src/i2c-lcd.o
 .debug_macro   0x000145f5      0x1bc Core/Src/i2c-lcd.o
 .debug_macro   0x000147b1       0x34 Core/Src/i2c-lcd.o
 .debug_macro   0x000147e5       0x3c Core/Src/i2c-lcd.o
 .debug_macro   0x00014821       0x57 Core/Src/i2c-lcd.o
 .debug_macro   0x00014878       0x88 Core/Src/i2c-lcd.o
 .debug_macro   0x00014900      0x241 Core/Src/i2c-lcd.o
 .debug_macro   0x00014b41      0x287 Core/Src/i2c-lcd.o
 .debug_macro   0x00014dc8      0x141 Core/Src/i2c-lcd.o
 .debug_macro   0x00014f09       0x83 Core/Src/i2c-lcd.o
 .debug_macro   0x00014f8c      0x2a0 Core/Src/main.o
 .debug_macro   0x0001522c       0x94 Core/Src/main.o
 .debug_macro   0x000152c0       0x5e Core/Src/main.o
 .debug_macro   0x0001531e       0x18 Core/Src/main.o
 .debug_macro   0x00015336       0x35 Core/Src/main.o
 .debug_macro   0x0001536b       0x34 Core/Src/main.o
 .debug_macro   0x0001539f       0x58 Core/Src/main.o
 .debug_macro   0x000153f7       0x1f Core/Src/main.o
 .debug_macro   0x00015416       0x43 Core/Src/main.o
 .debug_macro   0x00015459       0x20 Core/Src/main.o
 .debug_macro   0x00015479      0x18e Core/Src/main.o
 .debug_macro   0x00015607      0x32a Core/Src/main.o
 .debug_macro   0x00015931       0x10 Core/Src/main.o
 .debug_macro   0x00015941       0x35 Core/Src/main.o
 .debug_macro   0x00015976       0x16 Core/Src/main.o
 .debug_macro   0x0001598c       0x16 Core/Src/main.o
 .debug_macro   0x000159a2       0x29 Core/Src/main.o
 .debug_macro   0x000159cb       0xd6 Core/Src/main.o
 .debug_macro   0x00015aa1      0x19d Core/Src/stm32f1xx_hal_msp.o
 .debug_macro   0x00015c3e      0x1a7 Core/Src/stm32f1xx_it.o
 .debug_macro   0x00015de5      0x18e Core/Src/system_stm32f1xx.o
 .debug_macro   0x00015f73      0x291 Core/Src/timer.o
 .debug_macro   0x00016204      0x1b2 Drivers/STM32F1xx_HAL_Driver/Src/stm32f1xx_hal.o
 .debug_macro   0x000163b6      0x18e Drivers/STM32F1xx_HAL_Driver/Src/stm32f1xx_hal_cortex.o
 .debug_macro   0x00016544      0x1f9 Drivers/STM32F1xx_HAL_Driver/Src/stm32f1xx_hal_gpio.o
 .debug_macro   0x0001673d      0x1d5 Drivers/STM32F1xx_HAL_Driver/Src/stm32f1xx_hal_i2c.o
 .debug_macro   0x00016912      0x1a0 Drivers/STM32F1xx_HAL_Driver/Src/stm32f1xx_hal_rcc.o

.debug_line     0x00000000     0x6b83
 .debug_line    0x00000000      0x791 Core/Src/i2c-lcd.o
 .debug_line    0x00000791      0x7eb Core/Src/main.o
 .debug_line    0x00000f7c      0x69a Core/Src/stm32f1xx_hal_msp.o
 .debug_line    0x00001616      0x6dd Core/Src/stm32f1xx_it.o
 .debug_line    0x00001cf3      0x678 Core/Src/system_stm32f1xx.o
 .debug_line    0x0000236b      0x907 Core/Src/timer.o
 .debug_line    0x00002c72      0x822 Drivers/STM32F1xx_HAL_Driver/Src/stm32f1xx_hal.o
 .debug_line    0x00003494      0x831 Drivers/STM32F1xx_HAL_Driver/Src/stm32f1xx_hal_cortex.o
 .debug_line    0x00003cc5      0x7f3 Drivers/STM32F1xx_HAL_Driver/Src/stm32f1xx_hal_gpio.o
 .debug_line    0x000044b8     0x1d22 Drivers/STM32F1xx_HAL_Driver/Src/stm32f1xx_hal_i2c.o
 .debug_line    0x000061da      0x92c Drivers/STM32F1xx_HAL_Driver/Src/stm32f1xx_hal_rcc.o
 .debug_line    0x00006b06       0x7d startup/startup_stm32f103xb.o

.debug_str      0x00000000    0x81249
 .debug_str     0x00000000    0x7c100 Core/Src/i2c-lcd.o
                              0x7c4bf (size before relaxing)
 .debug_str     0x0007c100     0x35cd Core/Src/main.o
                              0x7f9e1 (size before relaxing)
 .debug_str     0x0007f6cd       0x91 Core/Src/stm32f1xx_hal_msp.o
                              0x7c737 (size before relaxing)
 .debug_str     0x0007f75e       0xc9 Core/Src/stm32f1xx_it.o
                              0x7c26e (size before relaxing)
 .debug_str     0x0007f827       0x52 Core/Src/system_stm32f1xx.o
                              0x7bfdd (size before relaxing)
 .debug_str     0x0007f879      0x110 Core/Src/timer.o
                              0x7f693 (size before relaxing)
 .debug_str     0x0007f989      0x58e Drivers/STM32F1xx_HAL_Driver/Src/stm32f1xx_hal.o
                              0x7c6b3 (size before relaxing)
 .debug_str     0x0007ff17      0x2bb Drivers/STM32F1xx_HAL_Driver/Src/stm32f1xx_hal_cortex.o
                              0x7c676 (size before relaxing)
 .debug_str     0x000801d2      0x2d0 Drivers/STM32F1xx_HAL_Driver/Src/stm32f1xx_hal_gpio.o
                              0x7c3a1 (size before relaxing)
 .debug_str     0x000804a2      0xb6f Drivers/STM32F1xx_HAL_Driver/Src/stm32f1xx_hal_i2c.o
                              0x7d06d (size before relaxing)
 .debug_str     0x00081011      0x209 Drivers/STM32F1xx_HAL_Driver/Src/stm32f1xx_hal_rcc.o
                              0x7c401 (size before relaxing)
 .debug_str     0x0008121a       0x2f startup/startup_stm32f103xb.o
                                 0x5d (size before relaxing)

.comment        0x00000000       0x7f
 .comment       0x00000000       0x7f Core/Src/i2c-lcd.o
                                 0x80 (size before relaxing)
 .comment       0x0000007f       0x80 Core/Src/main.o
 .comment       0x0000007f       0x80 Core/Src/stm32f1xx_hal_msp.o
 .comment       0x0000007f       0x80 Core/Src/stm32f1xx_it.o
 .comment       0x0000007f       0x80 Core/Src/system_stm32f1xx.o
 .comment       0x0000007f       0x80 Core/Src/timer.o
 .comment       0x0000007f       0x80 Drivers/STM32F1xx_HAL_Driver/Src/stm32f1xx_hal.o
 .comment       0x0000007f       0x80 Drivers/STM32F1xx_HAL_Driver/Src/stm32f1xx_hal_cortex.o
 .comment       0x0000007f       0x80 Drivers/STM32F1xx_HAL_Driver/Src/stm32f1xx_hal_gpio.o
 .comment       0x0000007f       0x80 Drivers/STM32F1xx_HAL_Driver/Src/stm32f1xx_hal_i2c.o
 .comment       0x0000007f       0x80 Drivers/STM32F1xx_HAL_Driver/Src/stm32f1xx_hal_rcc.o

.debug_frame    0x00000000     0x13b4
 .debug_frame   0x00000000      0x140 Core/Src/i2c-lcd.o
 .debug_frame   0x00000140       0xb0 Core/Src/main.o
 .debug_frame   0x000001f0       0x60 Core/Src/stm32f1xx_hal_msp.o
 .debug_frame   0x00000250       0xa8 Core/Src/stm32f1xx_it.o
 .debug_frame   0x000002f8       0x30 Core/Src/system_stm32f1xx.o
 .debug_frame   0x00000328      0x120 Core/Src/timer.o
 .debug_frame   0x00000448      0x1cc Drivers/STM32F1xx_HAL_Driver/Src/stm32f1xx_hal.o
 .debug_frame   0x00000614      0x12c Drivers/STM32F1xx_HAL_Driver/Src/stm32f1xx_hal_cortex.o
 .debug_frame   0x00000740       0xe8 Drivers/STM32F1xx_HAL_Driver/Src/stm32f1xx_hal_gpio.o
 .debug_frame   0x00000828      0x948 Drivers/STM32F1xx_HAL_Driver/Src/stm32f1xx_hal_i2c.o
 .debug_frame   0x00001170      0x198 Drivers/STM32F1xx_HAL_Driver/Src/stm32f1xx_hal_rcc.o
 .debug_frame   0x00001308       0x2c d:/program files/sw4stm32/plugins/fr.ac6.mcu.externaltools.arm-none.win32_1.17.0.201812190825/tools/compiler/bin/../lib/gcc/arm-none-eabi/7.3.1/../../../../arm-none-eabi/lib/thumb/v7-m\libc_nano.a(lib_a-init.o)
 .debug_frame   0x00001334       0x38 d:/program files/sw4stm32/plugins/fr.ac6.mcu.externaltools.arm-none.win32_1.17.0.201812190825/tools/compiler/bin/../lib/gcc/arm-none-eabi/7.3.1/../../../../arm-none-eabi/lib/thumb/v7-m\libc_nano.a(lib_a-itoa.o)
 .debug_frame   0x0000136c       0x48 d:/program files/sw4stm32/plugins/fr.ac6.mcu.externaltools.arm-none.win32_1.17.0.201812190825/tools/compiler/bin/../lib/gcc/arm-none-eabi/7.3.1/../../../../arm-none-eabi/lib/thumb/v7-m\libc_nano.a(lib_a-utoa.o)
